HIT tr=plain core=lsb st=0xCDF2 end=0x305CC len=0x237DA store=BE
HIT tr=plain core=msb st=0xD5FC end=0x3238A len=0x24D8E store=BE
HIT tr=plain core=msb st=0x15FA6 end=0x59298 len=0x432F2 store=LE
HIT tr=plain core=lsb st=0x1675A end=0x26F8C len=0x10832 store=LE
HIT tr=plain core=lsb st=0x167B6 end=0x205A0 len=0x9DEA store=BE
HIT tr=plain core=msb st=0x2A120 end=0x2F890 len=0x5770 store=BE
HIT tr=plain core=msb st=0x2C730 end=0x2FC30 len=0x3500 store=BE
HIT tr=plain core=lsb st=0x2C924 end=0x44184 len=0x17860 store=BE
HIT tr=plain core=msb st=0x3213A end=0x53494 len=0x2135A store=BE
HIT tr=plain core=msb st=0x3213A end=0x63492 len=0x31358 store=BE
HIT tr=plain core=lsb st=0x3282E end=0x38F48 len=0x671A store=LE
HIT tr=plain core=lsb st=0x357D6 end=0x4C360 len=0x16B8A store=LE
HIT tr=plain core=lsb st=0x357D6 end=0x5C35E len=0x26B88 store=LE
HIT tr=plain core=lsb st=0x35B90 end=0x41504 len=0xB974 store=LE
HIT tr=plain core=msb st=0x39D10 end=0x42350 len=0x8640 store=BE
HIT tr=plain core=msb st=0x4104A end=0x4F01C len=0xDFD2 store=LE
HIT tr=plain core=msb st=0x4104A end=0x5F01A len=0x1DFD0 store=LE
HIT tr=bswap16 core=msb st=0x7CA end=0x20FDC len=0x20812 store=LE
HIT tr=bswap16 core=msb st=0x6900 end=0x3048A len=0x29B8A store=LE
HIT tr=bswap16 core=msb st=0x115CE end=0x593BE len=0x47DF0 store=LE
HIT tr=bswap16 core=lsb st=0x14A86 end=0x34722 len=0x1FC9C store=BE
HIT tr=bswap16 core=lsb st=0x17E02 end=0x359AA len=0x1DBA8 store=LE
HIT tr=bswap16 core=msb st=0x1B164 end=0x3D6D4 len=0x22570 store=LE
HIT tr=bswap16 core=msb st=0x2606C end=0x54854 len=0x2E7E8 store=BE
HIT tr=bswap16 core=msb st=0x2FC66 end=0x5A696 len=0x2AA30 store=LE
HIT tr=bswap16 core=lsb st=0x33AC4 end=0x37D0E len=0x424A store=LE
HIT tr=bswap16 core=lsb st=0x344F0 end=0x37962 len=0x3472 store=BE
HIT tr=bswap16 core=msb st=0x3631A end=0x5AD5E len=0x24A44 store=LE
HIT tr=bswap16 core=msb st=0x368AA end=0x53874 len=0x1CFCA store=LE
HIT tr=bswap16 core=msb st=0x368AA end=0x63872 len=0x2CFC8 store=LE
HIT tr=bswap16 core=msb st=0x42884 end=0x435D0 len=0xD4C store=BE
HIT tr=rev8 core=lsb st=0xDBC end=0x1A510 len=0x19754 store=BE
HIT tr=rev8 core=lsb st=0x4A38 end=0x1CD58 len=0x18320 store=LE
HIT tr=rev8 core=lsb st=0x81C2 end=0x49278 len=0x410B6 store=BE
HIT tr=rev8 core=msb st=0x115D2 end=0x1305E len=0x1A8C store=BE
HIT tr=rev8 core=msb st=0x145BC end=0x44410 len=0x2FE54 store=LE
HIT tr=rev8 core=lsb st=0x20DA6 end=0x3ED22 len=0x1DF7C store=LE
HIT tr=rev8 core=lsb st=0x288F8 end=0x45506 len=0x1CC0E store=BE
HIT tr=rev8 core=msb st=0x2E2D2 end=0x461D6 len=0x17F04 store=LE
HIT tr=rev8 core=lsb st=0x30136 end=0x36FFE len=0x6EC8 store=BE
HIT tr=rev8 core=msb st=0x302D8 end=0x58B02 len=0x2882A store=BE
HIT tr=rev8 core=lsb st=0x31696 end=0x3B79A len=0xA104 store=BE
HIT tr=bswap16+rev8 core=msb st=0x2668 end=0x38BEA len=0x36582 store=LE
HIT tr=bswap16+rev8 core=lsb st=0x2B28 end=0x5A246 len=0x5771E store=BE
HIT tr=bswap16+rev8 core=msb st=0x558A end=0x19BAA len=0x14620 store=BE
HIT tr=bswap16+rev8 core=msb st=0x5F64 end=0xB248 len=0x52E4 store=LE
HIT tr=bswap16+rev8 core=msb st=0x9246 end=0x4A1D2 len=0x40F8C store=BE
HIT tr=bswap16+rev8 core=msb st=0xEF76 end=0x47900 len=0x3898A store=BE
HIT tr=bswap16+rev8 core=lsb st=0x1266C end=0x4CFE0 len=0x3A974 store=LE
HIT tr=bswap16+rev8 core=lsb st=0x1266C end=0x5CFDE len=0x4A972 store=LE
HIT tr=bswap16+rev8 core=msb st=0x19198 end=0x384D4 len=0x1F33C store=LE
HIT tr=bswap16+rev8 core=lsb st=0x1FB90 end=0x3BCE6 len=0x1C156 store=LE
HIT tr=bswap16+rev8 core=msb st=0x26E52 end=0x370F0 len=0x1029E store=LE
HIT tr=bswap16+rev8 core=msb st=0x2791A end=0x3A838 len=0x12F1E store=LE
HIT tr=bswap16+rev8 core=lsb st=0x2AC36 end=0x401D0 len=0x1559A store=LE
HIT tr=bswap16+rev8 core=lsb st=0x34C08 end=0x599C6 len=0x24DBE store=BE
HIT tr=bswap16+rev8 core=msb st=0x3782A end=0x46714 len=0xEEEA store=LE
HIT tr=bswap16+rev8 core=msb st=0x37BD4 end=0x53C14 len=0x1C040 store=LE
HIT tr=bswap16+rev8 core=msb st=0x37BD4 end=0x63C12 len=0x2C03E store=LE
DONE
FINISHED
