=== CAN reception and cruise-signal sensitivity ===
CV6T-AB: RX IDs (16): 010 080 0A5 0C8 160 170 180 190 1C0 1E0 400 405 420 696 730 7DF
  0x0A5 descriptor X:$421A: 00A5 0000 3F6A 0005 7F4E 42BC 0000 0000 0020 0048
  0x1A0 descriptor: ABSENT
  named Cc/ACC signals in configured RX frames: NONE
  plausible stride-5 extraction records scanned: 71
  extraction records with exact CcStat spec 0E01: 0
  positive control spec 7004 records: 3
    X:$4087: 0000 7004 0020 7ED7 7F75 getter pointer X:$408A
    X:$408C: 0000 7004 0020 863C 7F8A getter pointer X:$408F
    X:$41BD: 0000 7004 0002 7EC4 7F74 getter pointer X:$41C0
BV6T-AA: RX IDs (16): 010 080 090 0A5 0C8 160 170 180 190 1C0 1E0 400 405 696 730 7DF
  0x0A5 descriptor X:$421A: 00A5 0000 3F6E 0006 7F50 42B6 0000 0000 0040 0048
  0x1A0 descriptor: ABSENT
  named Cc/ACC signals in configured RX frames: NONE
  plausible stride-5 extraction records scanned: 69
  extraction records with exact CcStat spec 0E01: 0
  positive control spec 7004 records: 2
    X:$4087: 0000 7004 0040 7EDF 7F75 getter pointer X:$408A
    X:$408C: 0000 7004 0040 8628 7F8A getter pointer X:$408F

=== LCA state/code/torque structural trace ===
CV6T-AH: dispatchers=1 torque-enables=1
  dispatcher P:$28CEB, lane X:$28D6: F07C 28C3 4C02 A203 E681 28D6 A910 4C04 A203 E682 28D6 A90B 4C06 A207 F07C 076A 4C01 A203
  torque enable P:$295BE, code X:$28B1: F07C 28B1 4C02 A303 E700 4C05 A203 E700 E581 A901 E580 F07C
  lane==4 sites: P:$29170 P:$291EF P:$29227 P:$29263
  absolute refs lane read/write=18/5; code read/write=12/16
  MOVE #5 -> code sites: P:$291FC P:$29234 P:$29270 P:$2928D
    raw P:$291EC: 00EE 5E81 A30B F07C 28D6 4C04 A207 F07C 28B9 4C01 A303 E700 4C83 A308 E686 28A7 E685 28B1 E680 28AB
    nearby A2/A3 targets: P:$291EE/A30B->P:$291FA P:$291F2/A207->P:$291FA P:$291F6/A303->P:$291FA P:$291F9/A308->P:$29202
    raw P:$29224: 00B6 5E81 A30B F07C 28D6 4C04 A207 F07C 28B9 4C01 A303 E700 4C83 A308 E686 28A7 E685 28B1 E680 28AB
    nearby A2/A3 targets: P:$29226/A30B->P:$29232 P:$2922A/A207->P:$29232 P:$2922E/A303->P:$29232 P:$29231/A308->P:$2923A
    raw P:$29260: 007A 5E81 A30B F07C 28D6 4C04 A207 F07C 28B9 4C01 A303 E700 4C83 A308 E686 28A7 E685 28B1 E680 28AB
    nearby A2/A3 targets: P:$29262/A30B->P:$2926E P:$29266/A207->P:$2926E P:$2926A/A303->P:$2926E P:$2926D/A308->P:$29276
    raw P:$2927D: F07C 074D 4C44 28AC E068 0058 874A 5D7E 8745 00CB E681 28A8 E254 F618 E686 28A7 E685 28B1 E680 28AB
    nearby A2/A3 targets: 
  literal 01A0 matches=2; absolute X:$01A0 refs=1 P:$10428
  getter-pointer X:$408A callers: P:$1C7A7 [E40A 408A 9D34 E256 EF95 8748]
  getter-pointer X:$408F callers: P:$1C7AE [E40A 408F D5E0 0008 E256 EF95]
BV6T-AF: dispatchers=1 torque-enables=1
  dispatcher P:$26911, lane X:$23E4: F07C 23D1 4C02 A203 E681 23E4 A90C 4C04 A203 E682 23E4 A907 4C06 A203 E684 23E4 A902 E680
  torque enable P:$274AE, code X:$23BF: F07C 23BF 4C02 A303 E700 4C05 A203 E700 E581 A901 E580 F07C
  lane==4 sites: P:$26D5A P:$26DD9 P:$26E11 P:$26E4D
  absolute refs lane read/write=16/5; code read/write=12/16
  MOVE #5 -> code sites: P:$26DE6 P:$26E1E P:$26E5A P:$26E77
    raw P:$26DD6: 00E8 5E81 A30B F07C 23E4 4C04 A207 F07C 23C7 4C01 A303 E700 4C83 A308 E686 23B5 E685 23BF E680 23B9
    nearby A2/A3 targets: P:$26DD8/A30B->P:$26DE4 P:$26DDC/A207->P:$26DE4 P:$26DE0/A303->P:$26DE4 P:$26DE3/A308->P:$26DEC
    raw P:$26E0E: 00B0 5E81 A30B F07C 23E4 4C04 A207 F07C 23C7 4C01 A303 E700 4C83 A308 E686 23B5 E685 23BF E680 23B9
    nearby A2/A3 targets: P:$26E10/A30B->P:$26E1C P:$26E14/A207->P:$26E1C P:$26E18/A303->P:$26E1C P:$26E1B/A308->P:$26E24
    raw P:$26E4A: 0074 5E81 A30B F07C 23E4 4C04 A207 F07C 23C7 4C01 A303 E700 4C83 A308 E686 23B5 E685 23BF E680 23B9
    nearby A2/A3 targets: P:$26E4C/A30B->P:$26E58 P:$26E50/A207->P:$26E58 P:$26E54/A303->P:$26E58 P:$26E57/A308->P:$26E60
    raw P:$26E67: F07C 05ED 4C44 23BA E068 0052 874A 5D7C 8745 00D0 E681 23B6 E254 ECA6 E686 23B5 E685 23BF E680 23B9
    nearby A2/A3 targets: 
  literal 01A0 matches=8; absolute X:$01A0 refs=8 P:$1E260 P:$1E297 P:$1E2C8 P:$1E2ED P:$1E305 P:$22DAA P:$22DBD P:$22DC7
  getter-pointer X:$408A callers: P:$1BDE5 [E40A 408A D5E0 000A E256 B91E]
  getter-pointer X:$408F callers: NONE
CV6T-AR: dispatchers=1 torque-enables=1
  dispatcher P:$2A772, lane X:$2DDE: F07C 2DCB 4C02 A203 E681 2DDE A910 4C04 A203 E682 2DDE A90B 4C06 A207 F07C 0904 4C01 A203
  torque enable P:$2B0B4, code X:$2DB9: F07C 2DB9 4C02 A303 E700 4C05 A203 E700 E581 A901 E580 F07C
  lane==4 sites: P:$2ABF7 P:$2AC76 P:$2ACAE P:$2ACEA
  absolute refs lane read/write=19/5; code read/write=12/16
  MOVE #5 -> code sites: P:$2AC83 P:$2ACBB P:$2ACF7 P:$2AD14
    raw P:$2AC73: 00EE 5E81 A30B F07C 2DDE 4C04 A207 F07C 2DC1 4C01 A303 E700 4C83 A308 E686 2DAF E685 2DB9 E680 2DB3
    nearby A2/A3 targets: P:$2AC75/A30B->P:$2AC81 P:$2AC79/A207->P:$2AC81 P:$2AC7D/A303->P:$2AC81 P:$2AC80/A308->P:$2AC89
    raw P:$2ACAB: 00B6 5E81 A30B F07C 2DDE 4C04 A207 F07C 2DC1 4C01 A303 E700 4C83 A308 E686 2DAF E685 2DB9 E680 2DB3
    nearby A2/A3 targets: P:$2ACAD/A30B->P:$2ACB9 P:$2ACB1/A207->P:$2ACB9 P:$2ACB5/A303->P:$2ACB9 P:$2ACB8/A308->P:$2ACC1
    raw P:$2ACE7: 007A 5E81 A30B F07C 2DDE 4C04 A207 F07C 2DC1 4C01 A303 E700 4C83 A308 E686 2DAF E685 2DB9 E680 2DB3
    nearby A2/A3 targets: P:$2ACE9/A30B->P:$2ACF5 P:$2ACED/A207->P:$2ACF5 P:$2ACF1/A303->P:$2ACF5 P:$2ACF4/A308->P:$2ACFD
    raw P:$2AD04: F07C 08E7 4C44 2DB4 E068 0058 874A 5DEA 8745 00CB E681 2DB0 E254 FACE E686 2DAF E685 2DB9 E680 2DB3
    nearby A2/A3 targets: 
  literal 01A0 matches=4; absolute X:$01A0 refs=0
  getter-pointer X:$408A callers: P:$1D78D [E40A 408A D5E0 0008 E257 1122]
  getter-pointer X:$408F callers: NONE

=== CV6T-AH vs BV6T-AF torque function ===
107-word functions P:$29586/P:$27476: differing words=14 offsets=+3 +5 +7 +15 +17 +19 +38 +40 +51 +55 +57 +68 +102 +105
  +003: AH=2894 BV=23AA previous=F27C/F27C
  +005: AH=952F BV=7422 previous=E256/E256
  +007: AH=288A BV=21F0 previous=F17C/F17C
  +015: AH=288B BV=21F1 previous=F07C/F07C
  +017: AH=288C BV=21F2 previous=4444/4444
  +019: AH=288D BV=21F3 previous=D07C/D07C
  +038: AH=288A BV=21F0 previous=F07C/F07C
  +040: AH=288C BV=21F2 previous=D17C/D17C
  +051: AH=288C BV=21F2 previous=F07C/F07C
  +055: AH=2894 BV=23AA previous=D07C/D07C
  +057: AH=28B1 BV=23BF previous=F07C/F07C
  +068: AH=2894 BV=23AA previous=F07C/F07C
  +102: AH=2893 BV=23A9 previous=E681/E681
  +105: AH=2893 BV=23A9 previous=E680/E680
